Unity Editor version:    6000.3.3f1 (ef04196de0d6)
Branch:                  6000.3/staging
Build type:              Release
Batch mode:              YES
macOS version:           Version 26.0 (Build 25A354)
Darwin version:          25.0.0
Architecture:            arm64
Running under Rosetta:   NO
Available memory:        65536 MB
Date:                    2026-02-03T00:21:32Z
[Licensing::Module] Trying to connect to existing licensing client channel...
[Licensing::IpcConnector] Successfully connected to: "LicenseClient-alextso" at "2026-02-03T00:21:32.412725Z"

COMMAND LINE ARGUMENTS:
/Applications/Unity/Hub/Editor/6000.3.3f1/Unity.app/Contents/MacOS/Unity
-adb2
-batchMode
-noUpm
-name
AssetImportWorker2
-projectPath
/Users/alextso/Desktop/Intro to VR/Projects/Unit 1
-logFile
Logs/AssetImportWorker2.log
-srvPort
62619
-licensingIpc
LicenseClient-alextso
-job-worker-count
5
-background-job-worker-count
8
-gc-helper-count
1
-name AssetImport
Successfully changed project path to: /Users/alextso/Desktop/Intro to VR/Projects/Unit 1
/Users/alextso/Desktop/Intro to VR/Projects/Unit 1
[UnityMemory] Configuration Parameters - Can be set up in boot.config
    "memorysetup-allocator-temp-initial-block-size-main=262144"
    "memorysetup-allocator-temp-initial-block-size-worker=262144"
    "memorysetup-temp-allocator-size-background-worker=32768"
    "memorysetup-temp-allocator-size-job-worker=262144"
    "memorysetup-temp-allocator-size-preload-manager=33554432"
    "memorysetup-temp-allocator-size-nav-mesh-worker=65536"
    "memorysetup-temp-allocator-size-audio-worker=65536"
    "memorysetup-temp-allocator-size-cloud-worker=32768"
    "memorysetup-bucket-allocator-granularity=16"
    "memorysetup-bucket-allocator-bucket-count=8"
    "memorysetup-bucket-allocator-block-size=33554432"
    "memorysetup-bucket-allocator-block-count=8"
    "memorysetup-main-allocator-block-size=16777216"
    "memorysetup-thread-allocator-block-size=16777216"
    "memorysetup-gfx-main-allocator-block-size=16777216"
    "memorysetup-gfx-thread-allocator-block-size=16777216"
    "memorysetup-cache-allocator-block-size=4194304"
    "memorysetup-typetree-allocator-block-size=2097152"
    "memorysetup-profiler-bucket-allocator-granularity=16"
    "memorysetup-profiler-bucket-allocator-bucket-count=8"
    "memorysetup-profiler-bucket-allocator-block-size=33554432"
    "memorysetup-profiler-bucket-allocator-block-count=8"
    "memorysetup-profiler-allocator-block-size=16777216"
    "memorysetup-profiler-editor-allocator-block-size=1048576"
    "memorysetup-temp-allocator-size-main=16777216"
    "memorysetup-job-temp-allocator-block-size=2097152"
    "memorysetup-job-temp-allocator-block-size-background=1048576"
    "memorysetup-job-temp-allocator-reduction-small-platforms=262144"
    "memorysetup-temp-allocator-size-gi-baking-worker=262144"
    "memorysetup-temp-allocator-size-gi-baking-worker=262144"
    "memorysetup-temp-allocator-size-gi-baking-worker=262144"
    "memorysetup-temp-allocator-size-gi-baking-worker=262144"
    "memorysetup-temp-allocator-size-gi-baking-worker=262144"
    "memorysetup-temp-allocator-size-gfx=262144"
Player connection [8431650816]  Target information:

Player connection [8431650816]  * "[IP] 192.168.0.139 [Port] 0 [Flags] 2 [Guid] 3642655888 [EditorId] 3642655888 [Version] 1048832 [Id] OSXEditor(0,AlexdeMacBook-Pro-2.local) [Debug] 1 [PackageName] OSXEditor [ProjectName] Editor" 

Player connection [8431650816] Host joined multi-casting on [225.0.0.222:54997]...
Player connection [8431650816] Host joined alternative multi-casting on [225.0.0.222:34997]...
JobSystem: Creating JobQueue using job-worker-count value 5
Input System module state changed to: Initialized.
[Physics::Module] Initialized fallback backend.
[Physics::Module] Id: 0xdecafbad
Library Redirect Path: Library/
[Physics::Module] Selected backend.
[Physics::Module] Name: PhysX
[Physics::Module] Id: 0xf2b8ea05
[Physics::Module] SDK Version: 4.1.2
[Physics::Module] Integration Version: 1.0.0
[Physics::Module] Threading Mode: Multi-Threaded
Refreshing native plugins compatible for Editor in 1.73 ms, found 1 plugins.
Preloading 0 native plugins for Editor in 0.00 ms.
Initialize engine version: 6000.3.3f1 (ef04196de0d6)
[Subsystems] Discovering subsystems at path /Applications/Unity/Hub/Editor/6000.3.3f1/Unity.app/Contents/Resources/UnitySubsystems
[Subsystems] Discovering subsystems at path /Users/alextso/Desktop/Intro to VR/Projects/Unit 1/Assets
GfxDevice: creating device client; kGfxThreadingModeNonThreaded
 preferred device: Apple M2 Max (high power)
Metal devices available: 1
0: Apple M2 Max (high power)
Using device Apple M2 Max (high power)
Initializing Metal device caps: Apple M2 Max
Mac GPU Family: 2
Apple GPU Family: 8
MSL Version: 3.0
Has Float MSAA: 1
Has Float Filtering: 1
ReadWrite Texture Tier: 2
Initialize mono
Mono path[0] = '/Applications/Unity/Hub/Editor/6000.3.3f1/Unity.app/Contents/Resources/Scripting/Managed'
Mono path[1] = '/Applications/Unity/Hub/Editor/6000.3.3f1/Unity.app/Contents/Resources/Scripting/MonoBleedingEdge/lib/mono/unityjit-macos'
Mono config path = '/Applications/Unity/Hub/Editor/6000.3.3f1/Unity.app/Contents/Resources/Scripting/MonoBleedingEdge/etc'
Using monoOptions --debugger-agent=transport=dt_socket,embedding=1,server=y,suspend=n,address=127.0.0.1:56013
Begin MonoManager ReloadAssembly
Registering precompiled unity dll's ...
Register platform support module: /Applications/Unity/Hub/Editor/6000.3.3f1/PlaybackEngines/WebGLSupport/UnityEditor.WebGL.Extensions.dll
Register platform support module: /Applications/Unity/Hub/Editor/6000.3.3f1/Unity.app/Contents/PlaybackEngines/MacStandaloneSupport/UnityEditor.OSXStandalone.Extensions.dll
Registered in 0.000447 seconds.
[Licensing::Client] Handshaking with LicensingClient:
  Version:                 1.17.4+4293ba1
  Session Id:              e489dc2b722e494886d4a267520a0c73
  Correlation Id:          75218bfbbaa507baf9a254adf2342794
  External correlation Id: 1425732077685976000
  Machine Id:              r2LY89cUS7VTkU3+ttabezC8SyQ=
[Licensing::Module] Successfully connected to LicensingClient on channel: "LicenseClient-alextso" (connect: 0.00s, validation: 0.00s, handshake: 0.98s)
[Licensing::IpcConnector] Successfully connected to: "LicenseClient-alextso-notifications" at "2026-02-03T00:21:33.395495Z"
[Licensing::Module] Licensing Background thread has ended after 0.98s
- Loaded All Assemblies, in  0.355 seconds
Native extension for OSXStandalone target not found
Native extension for WebGL target not found
Mono: successfully reloaded assembly
- Finished resetting the current domain, in  0.404 seconds
Domain Reload Profiling: 759ms
	BeginReloadAssembly (100ms)
		ExecutionOrderSort (0ms)
		DisableScriptedObjects (0ms)
		BackupInstance (0ms)
		ReleaseScriptingObjects (0ms)
		CreateAndSetChildDomain (1ms)
	RebuildCommonClasses (34ms)
	RebuildNativeTypeToScriptingClass (14ms)
	initialDomainReloadingComplete (37ms)
	LoadAllAssembliesAndSetupDomain (169ms)
		LoadAssemblies (100ms)
		RebuildTransferFunctionScriptingTraits (0ms)
		AnalyzeDomain (167ms)
			TypeCache.Refresh (165ms)
				TypeCache.ScanAssembly (148ms)
			BuildScriptInfoCaches (0ms)
			ResolveRequiredComponents (0ms)
	FinalizeReload (404ms)
		ReleaseScriptCaches (0ms)
		RebuildScriptCaches (0ms)
		SetupLoadedEditorAssemblies (363ms)
			LogAssemblyErrors (0ms)
			InitializePlatformSupportModulesInManaged (44ms)
			SetLoadedEditorAssemblies (4ms)
			BeforeProcessingInitializeOnLoad (97ms)
			ProcessInitializeOnLoadAttributes (154ms)
			ProcessInitializeOnLoadMethodAttributes (64ms)
			AfterProcessingInitializeOnLoad (0ms)
			EditorAssembliesLoaded (0ms)
		ExecutionOrderSort2 (0ms)
		AwakeInstancesAfterBackupRestoration (0ms)
[CoreBusinessMetrics] Unexpected thread when updating session info.
========================================================================
Worker process is ready to serve import requests
Import Worker Mode flag is 0x00
Begin MonoManager ReloadAssembly
[Licensing::Client] Successfully resolved entitlement details
[Licensing::Module] License group:
  Id: ewogICJzdWJzR3JvdXAiIDogInVuaXR5IGVkaXRvciIsCiAgIm5hbWVzcGFjZSIgOiAidW5pdHlfZWRpdG9yIiwKICAidHlwZSIgOiAiRURJVE9SIiwKICAidGFnIiA6ICJVbml0eVBlcnNvbmFsXXXX
  Product: Unity Personal Version
  Type: Assigned
  Expiration: Unlimited
- Loaded All Assemblies, in  0.597 seconds
Refreshing native plugins compatible for Editor in 0.25 ms, found 1 plugins.
Native extension for OSXStandalone target not found
Native extension for WebGL target not found
Package Manager log level set to [2]
[Package Manager] Failed to launch server process. Reason: Unity was launched with the -noUpm command-line argument
[Package Manager] Unable to send message (not connected to server process).
[Package Manager] Cannot connect to Unity Package Manager local server
Mono: successfully reloaded assembly
- Finished resetting the current domain, in  0.569 seconds
Domain Reload Profiling: 1166ms
	BeginReloadAssembly (113ms)
		ExecutionOrderSort (0ms)
		DisableScriptedObjects (4ms)
		BackupInstance (0ms)
		ReleaseScriptingObjects (0ms)
		CreateAndSetChildDomain (20ms)
	RebuildCommonClasses (35ms)
	RebuildNativeTypeToScriptingClass (13ms)
	initialDomainReloadingComplete (26ms)
	LoadAllAssembliesAndSetupDomain (410ms)
		LoadAssemblies (289ms)
		RebuildTransferFunctionScriptingTraits (0ms)
		AnalyzeDomain (173ms)
			TypeCache.Refresh (142ms)
				TypeCache.ScanAssembly (126ms)
			BuildScriptInfoCaches (20ms)
			ResolveRequiredComponents (5ms)
	FinalizeReload (569ms)
		ReleaseScriptCaches (0ms)
		RebuildScriptCaches (0ms)
		SetupLoadedEditorAssemblies (475ms)
			LogAssemblyErrors (0ms)
			InitializePlatformSupportModulesInManaged (2ms)
			SetLoadedEditorAssemblies (3ms)
			BeforeProcessingInitializeOnLoad (123ms)
			ProcessInitializeOnLoadAttributes (293ms)
			ProcessInitializeOnLoadMethodAttributes (53ms)
			AfterProcessingInitializeOnLoad (1ms)
			EditorAssembliesLoaded (0ms)
		ExecutionOrderSort2 (0ms)
		AwakeInstancesAfterBackupRestoration (2ms)
Launching external process: /Applications/Unity/Hub/Editor/6000.3.3f1/Unity.app/Contents/Helpers/UnityShaderCompiler
Launched and connected shader compiler UnityShaderCompiler after 0.04 seconds
Refreshing native plugins compatible for Editor in 0.37 ms, found 1 plugins.
Preloading 0 native plugins for Editor in 0.00 ms.
Unloading 0 Unused Serialized files (Serialized files now loaded: 0)
Unloading 3872 unused Assets / (0.7 MB). Loaded Objects now: 4563.
Memory consumption went from 96.0 MB to 95.3 MB.
Total: 7.258708 ms (FindLiveObjects: 0.555250 ms CreateObjectMapping: 0.153125 ms MarkObjects: 5.769375 ms  DeleteObjects: 0.780208 ms)

========================================================================
Received Import Request.
  Time since last request: 1797618.521471 seconds.
  path: Assets/EasyRoads3D scenes/Terrain Assets/Grass ER.psd
  artifactKey: Guid(2c528fec5d95e4ac28cf46399b887662) Importer(2089858483,b0f066a214c2f5e87bad3c948f4d605d)
Start importing Assets/EasyRoads3D scenes/Terrain Assets/Grass ER.psd using Guid(2c528fec5d95e4ac28cf46399b887662) Importer(2089858483,b0f066a214c2f5e87bad3c948f4d605d) (ScriptedImporter) -> (artifact id: '8eaa3098a13e62782f019d12e6a4d9ff') in 0.080706625 seconds
Number of updated asset objects reloaded before import = 0Number of asset objects unloaded after import = 1

========================================================================
Received Import Request.
  Time since last request: 0.000076 seconds.
  path: Assets/EasyRoads3D/textures/editor/m_scene.png
  artifactKey: Guid(34aed1010b525bf4c9cfd7da35361a90) Importer(2089858483,b0f066a214c2f5e87bad3c948f4d605d)
Start importing Assets/EasyRoads3D/textures/editor/m_scene.png using Guid(34aed1010b525bf4c9cfd7da35361a90) Importer(2089858483,b0f066a214c2f5e87bad3c948f4d605d) (ScriptedImporter) -> (artifact id: '798cc15a4b46f85921a9fc1e7d02989c') in 0.013364667 seconds
Number of updated asset objects reloaded before import = 0Number of asset objects unloaded after import = 3

========================================================================
Received Import Request.
  Time since last request: 0.000044 seconds.
  path: Assets/EasyRoads3D/textures/editor
  artifactKey: Guid(29777b2db1749ed418e7f35cf6ed3def) Importer(2089858483,b0f066a214c2f5e87bad3c948f4d605d)
Start importing Assets/EasyRoads3D/textures/editor using Guid(29777b2db1749ed418e7f35cf6ed3def) Importer(2089858483,b0f066a214c2f5e87bad3c948f4d605d) (ScriptedImporter) -> (artifact id: '618c1a2cd522405826febc56076df4fb') in 0.001229542 seconds
Number of updated asset objects reloaded before import = 0Number of asset objects unloaded after import = 1

========================================================================
Received Import Request.
  Time since last request: 0.000098 seconds.
  path: Assets/EasyRoads3D/textures/editor/m_settings.png
  artifactKey: Guid(b2f9adc22d0fa0647880b18b89bf0872) Importer(2089858483,b0f066a214c2f5e87bad3c948f4d605d)
Start importing Assets/EasyRoads3D/textures/editor/m_settings.png using Guid(b2f9adc22d0fa0647880b18b89bf0872) Importer(2089858483,b0f066a214c2f5e87bad3c948f4d605d) (ScriptedImporter) -> (artifact id: '95f719d271d7c5324365116633a9ce50') in 0.004802958 seconds
Number of updated asset objects reloaded before import = 0Number of asset objects unloaded after import = 3

========================================================================
Received Import Request.
  Time since last request: 0.000153 seconds.
  path: Assets/EasyRoads3D/_Release Notes.txt
  artifactKey: Guid(cfd431ed882884a499661acb541119e3) Importer(2089858483,b0f066a214c2f5e87bad3c948f4d605d)
Start importing Assets/EasyRoads3D/_Release Notes.txt using Guid(cfd431ed882884a499661acb541119e3) Importer(2089858483,b0f066a214c2f5e87bad3c948f4d605d) (ScriptedImporter) -> (artifact id: '67afb7106ad6ec6d841e8f2e13bcce8d') in 0.00168325 seconds
Number of updated asset objects reloaded before import = 0Number of asset objects unloaded after import = 1

========================================================================
Received Import Request.
  Time since last request: 0.000192 seconds.
  path: Assets/EasyRoads3D/Resources/ERSideObjectsLog.prefab
  artifactKey: Guid(619d5fcaf0dab4ddcb0091c6b31fb9ff) Importer(2089858483,b0f066a214c2f5e87bad3c948f4d605d)
Start importing Assets/EasyRoads3D/Resources/ERSideObjectsLog.prefab using Guid(619d5fcaf0dab4ddcb0091c6b31fb9ff) Importer(2089858483,b0f066a214c2f5e87bad3c948f4d605d) (ScriptedImporter) -> (artifact id: 'b01b1269d99a44acd3e35be5f9284837') in 0.024056334 seconds
Number of updated asset objects reloaded before import = 0Number of asset objects unloaded after import = 7

========================================================================
Received Import Request.
  Time since last request: 0.000106 seconds.
  path: Assets/EasyRoads3D/_readme .txt
  artifactKey: Guid(f5de947b44db0f440a51db0ebea0ce55) Importer(2089858483,b0f066a214c2f5e87bad3c948f4d605d)
Start importing Assets/EasyRoads3D/_readme .txt using Guid(f5de947b44db0f440a51db0ebea0ce55) Importer(2089858483,b0f066a214c2f5e87bad3c948f4d605d) (ScriptedImporter) -> (artifact id: '45d960fd618df4d5f3ad2a80d8b2ddda') in 0.001671667 seconds
Number of updated asset objects reloaded before import = 0Number of asset objects unloaded after import = 1

========================================================================
Received Import Request.
  Time since last request: 0.000104 seconds.
  path: Assets/EasyRoads3D/Resources/Materials/roads/road material.mat
  artifactKey: Guid(f182e2714eb8a714a99ed091081ce16c) Importer(2089858483,b0f066a214c2f5e87bad3c948f4d605d)
Start importing Assets/EasyRoads3D/Resources/Materials/roads/road material.mat using Guid(f182e2714eb8a714a99ed091081ce16c) Importer(2089858483,b0f066a214c2f5e87bad3c948f4d605d) (ScriptedImporter) -> (artifact id: 'e5d24e320ba047c10811c8c0f350a08b') in 0.011713666 seconds
Number of updated asset objects reloaded before import = 0Number of asset objects unloaded after import = 4

========================================================================
Received Import Request.
  Time since last request: 0.000057 seconds.
  path: Assets/EasyRoads3D/textures
  artifactKey: Guid(c3a402d6ac607764fa576fc3b82fbd5a) Importer(2089858483,b0f066a214c2f5e87bad3c948f4d605d)
Start importing Assets/EasyRoads3D/textures using Guid(c3a402d6ac607764fa576fc3b82fbd5a) Importer(2089858483,b0f066a214c2f5e87bad3c948f4d605d) (ScriptedImporter) -> (artifact id: '9f046297b412085a11b965cdbcab02b5') in 0.00153425 seconds
Number of updated asset objects reloaded before import = 0Number of asset objects unloaded after import = 1

========================================================================
Received Import Request.
  Time since last request: 0.000029 seconds.
  path: Assets/EasyRoads3D/textures/roads/dirtRoad_N.tga
  artifactKey: Guid(204662711dce8904e8cbca6412eff8e4) Importer(2089858483,b0f066a214c2f5e87bad3c948f4d605d)
Start importing Assets/EasyRoads3D/textures/roads/dirtRoad_N.tga using Guid(204662711dce8904e8cbca6412eff8e4) Importer(2089858483,b0f066a214c2f5e87bad3c948f4d605d) (ScriptedImporter) -> (artifact id: 'e9692ec709c81f8451912d562ec3b52d') in 0.004948083 seconds
Number of updated asset objects reloaded before import = 0Number of asset objects unloaded after import = 1

========================================================================
Received Import Request.
  Time since last request: 0.000128 seconds.
  path: Assets/EasyRoads3D/SRP Support Packages/URP_17_0_3.unitypackage
  artifactKey: Guid(c086860ac79570c4abbc95b317619868) Importer(2089858483,b0f066a214c2f5e87bad3c948f4d605d)
Start importing Assets/EasyRoads3D/SRP Support Packages/URP_17_0_3.unitypackage using Guid(c086860ac79570c4abbc95b317619868) Importer(2089858483,b0f066a214c2f5e87bad3c948f4d605d) (ScriptedImporter) -> (artifact id: 'bdf1f6428156e6c119ab950c0e752abc') in 0.001268958 seconds
Number of updated asset objects reloaded before import = 0Number of asset objects unloaded after import = 1

========================================================================
Received Import Request.
  Time since last request: 0.000119 seconds.
  path: Assets/EasyRoads3D/Resources/custom prefabs
  artifactKey: Guid(4303d206ef3279b4fb69eefddbea9683) Importer(2089858483,b0f066a214c2f5e87bad3c948f4d605d)
Start importing Assets/EasyRoads3D/Resources/custom prefabs using Guid(4303d206ef3279b4fb69eefddbea9683) Importer(2089858483,b0f066a214c2f5e87bad3c948f4d605d) (ScriptedImporter) -> (artifact id: '33b7e25a04b0bc30559c6cd377f7af84') in 0.001465083 seconds
Number of updated asset objects reloaded before import = 0Number of asset objects unloaded after import = 1

========================================================================
Received Import Request.
  Time since last request: 0.000055 seconds.
  path: Assets/EasyRoads3D/textures/editor/m_road.png
  artifactKey: Guid(46e81e5d2c8b2144582558b65e45db86) Importer(2089858483,b0f066a214c2f5e87bad3c948f4d605d)
Start importing Assets/EasyRoads3D/textures/editor/m_road.png using Guid(46e81e5d2c8b2144582558b65e45db86) Importer(2089858483,b0f066a214c2f5e87bad3c948f4d605d) (ScriptedImporter) -> (artifact id: '0e339e3befc7e4178e0088e7e954d556') in 0.004913208 seconds
Number of updated asset objects reloaded before import = 0Number of asset objects unloaded after import = 3

========================================================================
Received Import Request.
  Time since last request: 0.000047 seconds.
  path: Assets/EasyRoads3D/textures/editor/m_roads.png
  artifactKey: Guid(32e963efb91d19147842f8bd95d6ac56) Importer(2089858483,b0f066a214c2f5e87bad3c948f4d605d)
Start importing Assets/EasyRoads3D/textures/editor/m_roads.png using Guid(32e963efb91d19147842f8bd95d6ac56) Importer(2089858483,b0f066a214c2f5e87bad3c948f4d605d) (ScriptedImporter) -> (artifact id: '67714c424d6733ef0f118f6c2a50aa8b') in 0.009208083 seconds
Number of updated asset objects reloaded before import = 0Number of asset objects unloaded after import = 3

========================================================================
Received Import Request.
  Time since last request: 0.000043 seconds.
  path: Assets/EasyRoads3D scenes/Terrain Assets/Grass2 ER.psd
  artifactKey: Guid(d6cdc79ec19714fcd980ca3f6ac01a0a) Importer(2089858483,b0f066a214c2f5e87bad3c948f4d605d)
Start importing Assets/EasyRoads3D scenes/Terrain Assets/Grass2 ER.psd using Guid(d6cdc79ec19714fcd980ca3f6ac01a0a) Importer(2089858483,b0f066a214c2f5e87bad3c948f4d605d) (ScriptedImporter) -> (artifact id: '021b209d6ba1e890b84b92410c4c4938') in 0.004751125 seconds
Number of updated asset objects reloaded before import = 0Number of asset objects unloaded after import = 1

========================================================================
Received Import Request.
  Time since last request: 0.000085 seconds.
  path: Assets/EasyRoads3D scenes/Terrain Assets/EasyRoads3D Terrain.asset
  artifactKey: Guid(74d798927bbdfd943b2206e8fe96f93a) Importer(2089858483,b0f066a214c2f5e87bad3c948f4d605d)
Start importing Assets/EasyRoads3D scenes/Terrain Assets/EasyRoads3D Terrain.asset using Guid(74d798927bbdfd943b2206e8fe96f93a) Importer(2089858483,b0f066a214c2f5e87bad3c948f4d605d) (ScriptedImporter) -> (artifact id: '7393af77deb1680cb3a512c0ed1394b0') in 0.029367458 seconds
Number of updated asset objects reloaded before import = 0Number of asset objects unloaded after import = 2

========================================================================
Received Import Request.
  Time since last request: 0.000091 seconds.
  path: Assets/EasyRoads3D/textures/editor/m_so.png
  artifactKey: Guid(8583bfb2058e94a48801d7212430d8d1) Importer(2089858483,b0f066a214c2f5e87bad3c948f4d605d)
Start importing Assets/EasyRoads3D/textures/editor/m_so.png using Guid(8583bfb2058e94a48801d7212430d8d1) Importer(2089858483,b0f066a214c2f5e87bad3c948f4d605d) (ScriptedImporter) -> (artifact id: '5282606db89a8fdbab7c5bd800cc1f85') in 0.004748333 seconds
Number of updated asset objects reloaded before import = 0Number of asset objects unloaded after import = 3

========================================================================
Received Import Request.
  Time since last request: 0.000030 seconds.
  path: Assets/EasyRoads3D/Resources/Materials/crossings
  artifactKey: Guid(b919e393598488e4187bbb8bb1aface9) Importer(2089858483,b0f066a214c2f5e87bad3c948f4d605d)
Start importing Assets/EasyRoads3D/Resources/Materials/crossings using Guid(b919e393598488e4187bbb8bb1aface9) Importer(2089858483,b0f066a214c2f5e87bad3c948f4d605d) (ScriptedImporter) -> (artifact id: '8a810c86341af60b58205268ec578b7d') in 0.001277917 seconds
Number of updated asset objects reloaded before import = 0Number of asset objects unloaded after import = 1

========================================================================
Received Import Request.
  Time since last request: 0.000054 seconds.
  path: Assets/EasyRoads3D/lib/DelaunayER.dll
  artifactKey: Guid(70038043f7a385a4d950d6b50306f0d2) Importer(2089858483,b0f066a214c2f5e87bad3c948f4d605d)
Start importing Assets/EasyRoads3D/lib/DelaunayER.dll using Guid(70038043f7a385a4d950d6b50306f0d2) Importer(2089858483,b0f066a214c2f5e87bad3c948f4d605d) (ScriptedImporter) -> (artifact id: '6d4634b8f20604b9b9ec1b3014e08565') in 0.002804084 seconds
Number of updated asset objects reloaded before import = 0Number of asset objects unloaded after import = 0

========================================================================
Received Import Request.
  Time since last request: 0.000108 seconds.
  path: Assets/EasyRoads3D/textures/roads/road_N.png
  artifactKey: Guid(3bb3d8b07d371eb40a0cb6c7b33f0837) Importer(2089858483,b0f066a214c2f5e87bad3c948f4d605d)
Start importing Assets/EasyRoads3D/textures/roads/road_N.png using Guid(3bb3d8b07d371eb40a0cb6c7b33f0837) Importer(2089858483,b0f066a214c2f5e87bad3c948f4d605d) (ScriptedImporter) -> (artifact id: 'ffce33f74f1cc54003a6aa3d08a72513') in 0.00581425 seconds
Number of updated asset objects reloaded before import = 0Number of asset objects unloaded after import = 1

========================================================================
Received Import Request.
  Time since last request: 0.000077 seconds.
  path: Assets/EasyRoads3D scenes/Terrain Assets/Grass ER.tga
  artifactKey: Guid(55533b228c2ec73499a5a9fbaa38c07d) Importer(2089858483,b0f066a214c2f5e87bad3c948f4d605d)
Start importing Assets/EasyRoads3D scenes/Terrain Assets/Grass ER.tga using Guid(55533b228c2ec73499a5a9fbaa38c07d) Importer(2089858483,b0f066a214c2f5e87bad3c948f4d605d) (ScriptedImporter) -> (artifact id: 'cbca7cf3120147b801be79c670031262') in 0.004907083 seconds
Number of updated asset objects reloaded before import = 0Number of asset objects unloaded after import = 1

========================================================================
Received Import Request.
  Time since last request: 0.000069 seconds.
  path: Assets/EasyRoads3D/SRP Support Packages/URP_7_3_1.unityPackage
  artifactKey: Guid(187136e6e6a1c014ebaf33c543c687e3) Importer(2089858483,b0f066a214c2f5e87bad3c948f4d605d)
Start importing Assets/EasyRoads3D/SRP Support Packages/URP_7_3_1.unityPackage using Guid(187136e6e6a1c014ebaf33c543c687e3) Importer(2089858483,b0f066a214c2f5e87bad3c948f4d605d) (ScriptedImporter) -> (artifact id: '6443cf40a6bc5d73670dc6e245b9c0b4') in 0.001394834 seconds
Number of updated asset objects reloaded before import = 0Number of asset objects unloaded after import = 1

========================================================================
Received Import Request.
  Time since last request: 0.000115 seconds.
  path: Assets/EasyRoads3D/prefab sources/_custom prefabs.txt
  artifactKey: Guid(4f23668dce41b624bb83efea00735b2e) Importer(2089858483,b0f066a214c2f5e87bad3c948f4d605d)
Start importing Assets/EasyRoads3D/prefab sources/_custom prefabs.txt using Guid(4f23668dce41b624bb83efea00735b2e) Importer(2089858483,b0f066a214c2f5e87bad3c948f4d605d) (ScriptedImporter) -> (artifact id: '619aa078a0e05f71dc47e378657e9d13') in 0.001705 seconds
Number of updated asset objects reloaded before import = 0Number of asset objects unloaded after import = 1

========================================================================
Received Import Request.
  Time since last request: 0.000115 seconds.
  path: Assets/EasyRoads3D scenes/Terrain Assets/layer_Grass ER.terrainlayer
  artifactKey: Guid(b649106d044cd744cacbcd3582ecebb6) Importer(2089858483,b0f066a214c2f5e87bad3c948f4d605d)
Start importing Assets/EasyRoads3D scenes/Terrain Assets/layer_Grass ER.terrainlayer using Guid(b649106d044cd744cacbcd3582ecebb6) Importer(2089858483,b0f066a214c2f5e87bad3c948f4d605d) (ScriptedImporter) -> (artifact id: '86eff082778d32ccffae826ab0bf55cb') in 0.003630625 seconds
Number of updated asset objects reloaded before import = 0Number of asset objects unloaded after import = 2

========================================================================
Received Import Request.
  Time since last request: 0.000034 seconds.
  path: Assets/EasyRoads3D/textures/roads/road2Lane_A.tga
  artifactKey: Guid(8ac8c5ecc0022ee42aa79d9031e5b7ec) Importer(2089858483,b0f066a214c2f5e87bad3c948f4d605d)
Start importing Assets/EasyRoads3D/textures/roads/road2Lane_A.tga using Guid(8ac8c5ecc0022ee42aa79d9031e5b7ec) Importer(2089858483,b0f066a214c2f5e87bad3c948f4d605d) (ScriptedImporter) -> (artifact id: '3fa87098429e47d0b6204f237cd184b4') in 0.004155 seconds
Number of updated asset objects reloaded before import = 0Number of asset objects unloaded after import = 1

========================================================================
Received Import Request.
  Time since last request: 0.000051 seconds.
  path: Assets/EasyRoads3D/Resources/custom prefabs/_custom prefabs.txt
  artifactKey: Guid(32e1b61e88d4c79499c1c1fe6e464846) Importer(2089858483,b0f066a214c2f5e87bad3c948f4d605d)
Start importing Assets/EasyRoads3D/Resources/custom prefabs/_custom prefabs.txt using Guid(32e1b61e88d4c79499c1c1fe6e464846) Importer(2089858483,b0f066a214c2f5e87bad3c948f4d605d) (ScriptedImporter) -> (artifact id: 'a9f1ac7802eed02004b16b3cd6c4b725') in 0.001182584 seconds
Number of updated asset objects reloaded before import = 0Number of asset objects unloaded after import = 1

========================================================================
Received Import Request.
  Time since last request: 0.000105 seconds.
  path: Assets/EasyRoads3D/Resources/Materials/roads/dirt material.mat
  artifactKey: Guid(adc944e9dc23e0e4eb2afafd0fb54df3) Importer(2089858483,b0f066a214c2f5e87bad3c948f4d605d)
Start importing Assets/EasyRoads3D/Resources/Materials/roads/dirt material.mat using Guid(adc944e9dc23e0e4eb2afafd0fb54df3) Importer(2089858483,b0f066a214c2f5e87bad3c948f4d605d) (ScriptedImporter) -> (artifact id: '785aabdad36f803c74da2b44a7f373fc') in 0.003355917 seconds
Number of updated asset objects reloaded before import = 0Number of asset objects unloaded after import = 4

========================================================================
Received Import Request.
  Time since last request: 0.000046 seconds.
  path: Assets/EasyRoads3D scenes/Terrain Assets
  artifactKey: Guid(6ea6ef263c8eac24cb316a35ab86e202) Importer(2089858483,b0f066a214c2f5e87bad3c948f4d605d)
Start importing Assets/EasyRoads3D scenes/Terrain Assets using Guid(6ea6ef263c8eac24cb316a35ab86e202) Importer(2089858483,b0f066a214c2f5e87bad3c948f4d605d) (ScriptedImporter) -> (artifact id: 'db9646b8768ad9724014cf8a1b9466bf') in 0.001125334 seconds
Number of updated asset objects reloaded before import = 0Number of asset objects unloaded after import = 1

Editor requested this worker to shutdown with reason: Scaling down because of idle timeout
AssetImportWorker is now disconnected from the server
Process exiting
